Testing URL: https://api-inference.huggingface.co/models/Qwen/Qwen2.5-72B-Instruct/v1/chat/completions
Status: 410
Response: {"error":"https://api-inference.huggingface.co is no longer supported. Please use https://router.huggingface.co instead."}
--------------------------------------------------
Testing URL: https://router.huggingface.co/hf-inference/models/Qwen/Qwen2.5-72B-Instruct/v1/chat/completions
Status: 404
Response: Not Found
--------------------------------------------------
Testing URL: https://router.huggingface.co/hf-inference/v1/chat/completions
Status: 404
Response: Not Found
--------------------------------------------------
